Component: ARM Compiler 6.16 Tool: armlink [5dfeaa00]

==============================================================================

Section Cross References

    main.o(.text.main) refers to main.o(.bss.tmp1) for tmp1
    main.o(.text.main) refers to rcc.o(.text.initRCC) for initRCC
    main.o(.text.main) refers to gpio.o(.text.initGPIO) for initGPIO
    main.o(.text.main) refers to uart.o(.text.initUART) for initUART
    main.o(.text.main) refers to tim.o(.text.initTIM) for initTIM
    main.o(.text.main) refers to main.o(.text.Recieve_message_withou_while) for Recieve_message_withou_while
    main.o(.text.main) refers to tim.o(.text.deinitTIM) for deinitTIM
    main.o(.text.main) refers to main.o(.bss.uart_buf) for uart_buf
    main.o(.text.main) refers to uart.o(.text.UART_Receive) for UART_Receive
    main.o(.text.main) refers to main.o(.text.CMD_WRITE_handle) for CMD_WRITE_handle
    main.o(.text.main) refers to main.o(.text.CMD_ERASE_handle) for CMD_ERASE_handle
    main.o(.text.main) refers to uart.o(.text.UART_Transmit) for UART_Transmit
    main.o(.text.main) refers to main.o(.text.CMD_GETID_handle) for CMD_GETID_handle
    main.o(.text.main) refers to main.o(.text.CMD_RESET_handle) for CMD_RESET_handle
    main.o(.text.main) refers to rcc.o(.text.deinitRCC) for deinitRCC
    main.o(.text.main) refers to gpio.o(.text.deinitGPIO) for deinitGPIO
    main.o(.text.main) refers to uart.o(.text.deinitUART) for deinitUART
    main.o(.ARM.exidx.text.main) refers to main.o(.text.main) for [Anonymous Symbol]
    main.o(.text.FindAppFlag) refers to main.o(.bss.tmp1) for tmp1
    main.o(.ARM.exidx.text.FindAppFlag) refers to main.o(.text.FindAppFlag) for [Anonymous Symbol]
    main.o(.text.Recieve_message_withou_while) refers to main.o(.data.Recieve_message_withou_while.FLASH_ERASE_MESSAGE) for Recieve_message_withou_while.FLASH_ERASE_MESSAGE
    main.o(.text.Recieve_message_withou_while) refers to main.o(.bss.rcnt) for rcnt
    main.o(.text.Recieve_message_withou_while) refers to main.o(.bss.uart_buf) for uart_buf
    main.o(.text.Recieve_message_withou_while) refers to uart.o(.text.UART_Transmit) for UART_Transmit
    main.o(.ARM.exidx.text.Recieve_message_withou_while) refers to main.o(.text.Recieve_message_withou_while) for [Anonymous Symbol]
    main.o(.ARM.exidx.text.JumpToApp) refers to main.o(.text.JumpToApp) for [Anonymous Symbol]
    main.o(.text.CMD_ERASE_handle) refers to main.o(.text.ReceiveMagicWord) for ReceiveMagicWord
    main.o(.text.CMD_ERASE_handle) refers to main.o(.bss.uart_buf) for uart_buf
    main.o(.text.CMD_ERASE_handle) refers to uart.o(.text.UART_Receive) for UART_Receive
    main.o(.text.CMD_ERASE_handle) refers to uart.o(.text.UART_Transmit) for UART_Transmit
    main.o(.text.CMD_ERASE_handle) refers to flash.o(.text.ErasePage) for ErasePage
    main.o(.ARM.exidx.text.CMD_ERASE_handle) refers to main.o(.text.CMD_ERASE_handle) for [Anonymous Symbol]
    main.o(.text.CMD_GETID_handle) refers to main.o(.text.ReceiveMagicWord) for ReceiveMagicWord
    main.o(.text.CMD_GETID_handle) refers to main.o(.bss.uart_buf) for uart_buf
    main.o(.text.CMD_GETID_handle) refers to uart.o(.text.UART_Receive) for UART_Receive
    main.o(.text.CMD_GETID_handle) refers to uart.o(.text.UART_Transmit) for UART_Transmit
    main.o(.ARM.exidx.text.CMD_GETID_handle) refers to main.o(.text.CMD_GETID_handle) for [Anonymous Symbol]
    main.o(.text.CMD_WRITE_handle) refers to main.o(.text.ReceiveMagicWord) for ReceiveMagicWord
    main.o(.text.CMD_WRITE_handle) refers to main.o(.bss.uart_buf) for uart_buf
    main.o(.text.CMD_WRITE_handle) refers to uart.o(.text.UART_Receive) for UART_Receive
    main.o(.text.CMD_WRITE_handle) refers to main.o(.bss.tmp_chk1) for tmp_chk1
    main.o(.text.CMD_WRITE_handle) refers to flash.o(.text.WriteHexString) for WriteHexString
    main.o(.text.CMD_WRITE_handle) refers to uart.o(.text.UART_Transmit) for UART_Transmit
    main.o(.ARM.exidx.text.CMD_WRITE_handle) refers to main.o(.text.CMD_WRITE_handle) for [Anonymous Symbol]
    main.o(.text.CMD_RESET_handle) refers to main.o(.text.ReceiveMagicWord) for ReceiveMagicWord
    main.o(.text.CMD_RESET_handle) refers to main.o(.bss.uart_buf) for uart_buf
    main.o(.text.CMD_RESET_handle) refers to uart.o(.text.UART_Receive) for UART_Receive
    main.o(.text.CMD_RESET_handle) refers to uart.o(.text.UART_Transmit) for UART_Transmit
    main.o(.text.CMD_RESET_handle) refers to iwdg.o(.text.initIWDG) for initIWDG
    main.o(.ARM.exidx.text.CMD_RESET_handle) refers to main.o(.text.CMD_RESET_handle) for [Anonymous Symbol]
    main.o(.text.ReceiveMagicWord) refers to main.o(.bss.uart_buf) for uart_buf
    main.o(.text.ReceiveMagicWord) refers to uart.o(.text.UART_Receive) for UART_Receive
    main.o(.ARM.exidx.text.ReceiveMagicWord) refers to main.o(.text.ReceiveMagicWord) for [Anonymous Symbol]
    main.o(.ARM.exidx.text.CheckSumCalc) refers to main.o(.text.CheckSumCalc) for [Anonymous Symbol]
    flash.o(.ARM.exidx.text.Flash_Unlock) refers to flash.o(.text.Flash_Unlock) for [Anonymous Symbol]
    flash.o(.ARM.exidx.text.Flash_Lock) refers to flash.o(.text.Flash_Lock) for [Anonymous Symbol]
    flash.o(.ARM.exidx.text.WriteHalfWord) refers to flash.o(.text.WriteHalfWord) for [Anonymous Symbol]
    flash.o(.ARM.exidx.text.WriteHexString) refers to flash.o(.text.WriteHexString) for [Anonymous Symbol]
    flash.o(.ARM.exidx.text.ErasePage) refers to flash.o(.text.ErasePage) for [Anonymous Symbol]
    flash.o(.ARM.exidx.text.OB_lock) refers to flash.o(.text.OB_lock) for [Anonymous Symbol]
    gpio.o(.ARM.exidx.text.initGPIO) refers to gpio.o(.text.initGPIO) for [Anonymous Symbol]
    gpio.o(.ARM.exidx.text.deinitGPIO) refers to gpio.o(.text.deinitGPIO) for [Anonymous Symbol]
    iwdg.o(.ARM.exidx.text.initIWDG) refers to iwdg.o(.text.initIWDG) for [Anonymous Symbol]
    rcc.o(.ARM.exidx.text.initRCC) refers to rcc.o(.text.initRCC) for [Anonymous Symbol]
    rcc.o(.ARM.exidx.text.deinitRCC) refers to rcc.o(.text.deinitRCC) for [Anonymous Symbol]
    tim.o(.ARM.exidx.text.initTIM) refers to tim.o(.text.initTIM) for [Anonymous Symbol]
    tim.o(.ARM.exidx.text.deinitTIM) refers to tim.o(.text.deinitTIM) for [Anonymous Symbol]
    uart.o(.ARM.exidx.text.initUART) refers to uart.o(.text.initUART) for [Anonymous Symbol]
    uart.o(.ARM.exidx.text.deinitUART) refers to uart.o(.text.deinitUART) for [Anonymous Symbol]
    uart.o(.ARM.exidx.text.UART_Transmit) refers to uart.o(.text.UART_Transmit) for [Anonymous Symbol]
    uart.o(.ARM.exidx.text.UART_Receive) refers to uart.o(.text.UART_Receive) for [Anonymous Symbol]
    uart.o(.ARM.exidx.text.UART_TransmitString) refers to uart.o(.text.UART_TransmitString) for [Anonymous Symbol]
    startup_stm32f10x_md.o(RESET) refers to startup_stm32f10x_md.o(STACK) for __initial_sp
    startup_stm32f10x_md.o(RESET) refers to startup_stm32f10x_md.o(.text) for Reset_Handler
    startup_stm32f10x_md.o(.text) refers to system_stm32f10x.o(.text.SystemInit) for SystemInit
    startup_stm32f10x_md.o(.text) refers to entry.o(.ARM.Collect$$$$00000000) for __main
    system_stm32f10x.o(.ARM.exidx.text.SystemInit) refers to system_stm32f10x.o(.text.SystemInit) for [Anonymous Symbol]
    system_stm32f10x.o(.text.SystemCoreClockUpdate) refers to system_stm32f10x.o(.data.SystemCoreClock) for SystemCoreClock
    system_stm32f10x.o(.text.SystemCoreClockUpdate) refers to system_stm32f10x.o(.rodata.AHBPrescTable) for AHBPrescTable
    system_stm32f10x.o(.ARM.exidx.text.SystemCoreClockUpdate) refers to system_stm32f10x.o(.text.SystemCoreClockUpdate) for [Anonymous Symbol]
    entry.o(.ARM.Collect$$$$00000000) refers (Special) to entry10a.o(.ARM.Collect$$$$0000000D) for __rt_final_cpp
    entry.o(.ARM.Collect$$$$00000000) refers (Special) to entry11a.o(.ARM.Collect$$$$0000000F) for __rt_final_exit
    entry.o(.ARM.Collect$$$$00000000) refers (Special) to entry7b.o(.ARM.Collect$$$$00000008) for _main_clock
    entry.o(.ARM.Collect$$$$00000000) refers (Special) to entry8b.o(.ARM.Collect$$$$0000000A) for _main_cpp_init
    entry.o(.ARM.Collect$$$$00000000) refers (Special) to entry9a.o(.ARM.Collect$$$$0000000B) for _main_init
    entry.o(.ARM.Collect$$$$00000000) refers (Special) to entry5.o(.ARM.Collect$$$$00000004) for _main_scatterload
    entry.o(.ARM.Collect$$$$00000000) refers (Special) to entry2.o(.ARM.Collect$$$$00000001) for _main_stk
    entry2.o(.ARM.Collect$$$$00000001) refers to entry2.o(.ARM.Collect$$$$00002712) for __lit__00000000
    entry2.o(.ARM.Collect$$$$00002712) refers to startup_stm32f10x_md.o(STACK) for __initial_sp
    entry2.o(__vectab_stack_and_reset_area) refers to startup_stm32f10x_md.o(STACK) for __initial_sp
    entry2.o(__vectab_stack_and_reset_area) refers to entry.o(.ARM.Collect$$$$00000000) for __main
    entry5.o(.ARM.Collect$$$$00000004) refers to init.o(.text) for __scatterload
    entry9a.o(.ARM.Collect$$$$0000000B) refers to main.o(.text.main) for main
    entry9b.o(.ARM.Collect$$$$0000000C) refers to main.o(.text.main) for main
    init.o(.text) refers to entry5.o(.ARM.Collect$$$$00000004) for __main_after_scatterload


==============================================================================

Removing Unused input sections from the image.

    Removing main.o(.text), (0 bytes).
    Removing main.o(.ARM.exidx.text.main), (8 bytes).
    Removing main.o(.text.FindAppFlag), (60 bytes).
    Removing main.o(.ARM.exidx.text.FindAppFlag), (8 bytes).
    Removing main.o(.ARM.exidx.text.Recieve_message_withou_while), (8 bytes).
    Removing main.o(.text.JumpToApp), (22 bytes).
    Removing main.o(.ARM.exidx.text.JumpToApp), (8 bytes).
    Removing main.o(.ARM.exidx.text.CMD_ERASE_handle), (8 bytes).
    Removing main.o(.ARM.exidx.text.CMD_GETID_handle), (8 bytes).
    Removing main.o(.ARM.exidx.text.CMD_WRITE_handle), (8 bytes).
    Removing main.o(.ARM.exidx.text.CMD_RESET_handle), (8 bytes).
    Removing main.o(.ARM.exidx.text.ReceiveMagicWord), (8 bytes).
    Removing main.o(.text.CheckSumCalc), (58 bytes).
    Removing main.o(.ARM.exidx.text.CheckSumCalc), (8 bytes).
    Removing main.o(.rodata.str1.1), (11 bytes).
    Removing main.o(.ARM.use_no_argv), (4 bytes).
    Removing flash.o(.text), (0 bytes).
    Removing flash.o(.text.Flash_Unlock), (44 bytes).
    Removing flash.o(.ARM.exidx.text.Flash_Unlock), (8 bytes).
    Removing flash.o(.text.Flash_Lock), (18 bytes).
    Removing flash.o(.ARM.exidx.text.Flash_Lock), (8 bytes).
    Removing flash.o(.text.WriteHalfWord), (86 bytes).
    Removing flash.o(.ARM.exidx.text.WriteHalfWord), (8 bytes).
    Removing flash.o(.ARM.exidx.text.WriteHexString), (8 bytes).
    Removing flash.o(.ARM.exidx.text.ErasePage), (8 bytes).
    Removing flash.o(.text.OB_lock), (14 bytes).
    Removing flash.o(.ARM.exidx.text.OB_lock), (8 bytes).
    Removing gpio.o(.text), (0 bytes).
    Removing gpio.o(.ARM.exidx.text.initGPIO), (8 bytes).
    Removing gpio.o(.ARM.exidx.text.deinitGPIO), (8 bytes).
    Removing iwdg.o(.text), (0 bytes).
    Removing iwdg.o(.ARM.exidx.text.initIWDG), (8 bytes).
    Removing rcc.o(.text), (0 bytes).
    Removing rcc.o(.ARM.exidx.text.initRCC), (8 bytes).
    Removing rcc.o(.ARM.exidx.text.deinitRCC), (8 bytes).
    Removing tim.o(.text), (0 bytes).
    Removing tim.o(.ARM.exidx.text.initTIM), (8 bytes).
    Removing tim.o(.ARM.exidx.text.deinitTIM), (8 bytes).
    Removing uart.o(.text), (0 bytes).
    Removing uart.o(.ARM.exidx.text.initUART), (8 bytes).
    Removing uart.o(.ARM.exidx.text.deinitUART), (8 bytes).
    Removing uart.o(.ARM.exidx.text.UART_Transmit), (8 bytes).
    Removing uart.o(.ARM.exidx.text.UART_Receive), (8 bytes).
    Removing uart.o(.text.UART_TransmitString), (78 bytes).
    Removing uart.o(.ARM.exidx.text.UART_TransmitString), (8 bytes).
    Removing startup_stm32f10x_md.o(HEAP), (512 bytes).
    Removing system_stm32f10x.o(.text), (0 bytes).
    Removing system_stm32f10x.o(.ARM.exidx.text.SystemInit), (8 bytes).
    Removing system_stm32f10x.o(.text.SystemCoreClockUpdate), (92 bytes).
    Removing system_stm32f10x.o(.ARM.exidx.text.SystemCoreClockUpdate), (8 bytes).
    Removing system_stm32f10x.o(.data.SystemCoreClock), (4 bytes).
    Removing system_stm32f10x.o(.rodata.AHBPrescTable), (16 bytes).

52 unused section(s) (total 1259 bytes) removed from the image.

==============================================================================

Image Symbol Table

    Local Symbols

    Symbol Name                              Value     Ov Type        Size  Object(Section)

    ../clib/microlib/init/entry.s            0x00000000   Number         0  entry.o ABSOLUTE
    ../clib/microlib/init/entry.s            0x00000000   Number         0  entry2.o ABSOLUTE
    ../clib/microlib/init/entry.s            0x00000000   Number         0  entry5.o ABSOLUTE
    ../clib/microlib/init/entry.s            0x00000000   Number         0  entry7a.o ABSOLUTE
    ../clib/microlib/init/entry.s            0x00000000   Number         0  entry7b.o ABSOLUTE
    ../clib/microlib/init/entry.s            0x00000000   Number         0  entry8a.o ABSOLUTE
    ../clib/microlib/init/entry.s            0x00000000   Number         0  entry8b.o ABSOLUTE
    ../clib/microlib/init/entry.s            0x00000000   Number         0  entry9a.o ABSOLUTE
    ../clib/microlib/init/entry.s            0x00000000   Number         0  entry9b.o ABSOLUTE
    ../clib/microlib/init/entry.s            0x00000000   Number         0  entry10a.o ABSOLUTE
    ../clib/microlib/init/entry.s            0x00000000   Number         0  entry10b.o ABSOLUTE
    ../clib/microlib/init/entry.s            0x00000000   Number         0  entry11a.o ABSOLUTE
    ../clib/microlib/init/entry.s            0x00000000   Number         0  entry11b.o ABSOLUTE
    RTE/Device/STM32F103C8/startup_stm32f10x_md.s 0x00000000   Number         0  startup_stm32f10x_md.o ABSOLUTE
    dc.s                                     0x00000000   Number         0  dc.o ABSOLUTE
    flash.c                                  0x00000000   Number         0  flash.o ABSOLUTE
    gpio.c                                   0x00000000   Number         0  gpio.o ABSOLUTE
    handlers.s                               0x00000000   Number         0  handlers.o ABSOLUTE
    init.s                                   0x00000000   Number         0  init.o ABSOLUTE
    iwdg.c                                   0x00000000   Number         0  iwdg.o ABSOLUTE
    main.c                                   0x00000000   Number         0  main.o ABSOLUTE
    rcc.c                                    0x00000000   Number         0  rcc.o ABSOLUTE
    system_stm32f10x.c                       0x00000000   Number         0  system_stm32f10x.o ABSOLUTE
    tim.c                                    0x00000000   Number         0  tim.o ABSOLUTE
    uart.c                                   0x00000000   Number         0  uart.o ABSOLUTE
    RESET                                    0x08000000   Section      236  startup_stm32f10x_md.o(RESET)
    .ARM.Collect$$$$00000000                 0x080000ec   Section        0  entry.o(.ARM.Collect$$$$00000000)
    .ARM.Collect$$$$00000001                 0x080000ec   Section        4  entry2.o(.ARM.Collect$$$$00000001)
    .ARM.Collect$$$$00000004                 0x080000f0   Section        4  entry5.o(.ARM.Collect$$$$00000004)
    .ARM.Collect$$$$00000008                 0x080000f4   Section        0  entry7b.o(.ARM.Collect$$$$00000008)
    .ARM.Collect$$$$0000000A                 0x080000f4   Section        0  entry8b.o(.ARM.Collect$$$$0000000A)
    .ARM.Collect$$$$0000000B                 0x080000f4   Section        8  entry9a.o(.ARM.Collect$$$$0000000B)
    __lit__00000000                          0x080000fc   Data           4  entry2.o(.ARM.Collect$$$$00002712)
    .ARM.Collect$$$$0000000D                 0x080000fc   Section        0  entry10a.o(.ARM.Collect$$$$0000000D)
    .ARM.Collect$$$$0000000F                 0x080000fc   Section        0  entry11a.o(.ARM.Collect$$$$0000000F)
    .ARM.Collect$$$$00002712                 0x080000fc   Section        4  entry2.o(.ARM.Collect$$$$00002712)
    .text                                    0x08000100   Section       36  startup_stm32f10x_md.o(.text)
    .text                                    0x08000124   Section       36  init.o(.text)
    [Anonymous Symbol]                       0x08000148   Section        0  main.o(.text.CMD_ERASE_handle)
    [Anonymous Symbol]                       0x080001e8   Section        0  main.o(.text.CMD_GETID_handle)
    [Anonymous Symbol]                       0x080002a8   Section        0  main.o(.text.CMD_RESET_handle)
    [Anonymous Symbol]                       0x08000318   Section        0  main.o(.text.CMD_WRITE_handle)
    [Anonymous Symbol]                       0x080003a8   Section        0  flash.o(.text.ErasePage)
    [Anonymous Symbol]                       0x08000406   Section        0  main.o(.text.ReceiveMagicWord)
    [Anonymous Symbol]                       0x0800043e   Section        0  main.o(.text.Recieve_message_withou_while)
    [Anonymous Symbol]                       0x08000498   Section        0  system_stm32f10x.o(.text.SystemInit)
    [Anonymous Symbol]                       0x08000590   Section        0  uart.o(.text.UART_Receive)
    [Anonymous Symbol]                       0x080005b4   Section        0  uart.o(.text.UART_Transmit)
    [Anonymous Symbol]                       0x080005e4   Section        0  flash.o(.text.WriteHexString)
    [Anonymous Symbol]                       0x08000658   Section        0  gpio.o(.text.deinitGPIO)
    [Anonymous Symbol]                       0x08000690   Section        0  rcc.o(.text.deinitRCC)
    [Anonymous Symbol]                       0x080006a8   Section        0  tim.o(.text.deinitTIM)
    [Anonymous Symbol]                       0x080006d2   Section        0  uart.o(.text.deinitUART)
    [Anonymous Symbol]                       0x080006f4   Section        0  gpio.o(.text.initGPIO)
    [Anonymous Symbol]                       0x08000790   Section        0  iwdg.o(.text.initIWDG)
    [Anonymous Symbol]                       0x080007d2   Section        0  rcc.o(.text.initRCC)
    [Anonymous Symbol]                       0x080007d4   Section        0  tim.o(.text.initTIM)
    [Anonymous Symbol]                       0x08000808   Section        0  uart.o(.text.initUART)
    [Anonymous Symbol]                       0x08000838   Section        0  main.o(.text.main)
    i.__scatterload_copy                     0x0800093a   Section       14  handlers.o(i.__scatterload_copy)
    i.__scatterload_null                     0x08000948   Section        2  handlers.o(i.__scatterload_null)
    i.__scatterload_zeroinit                 0x0800094a   Section       14  handlers.o(i.__scatterload_zeroinit)
    Recieve_message_withou_while.FLASH_ERASE_MESSAGE 0x20000000   Data           8  main.o(.data.Recieve_message_withou_while.FLASH_ERASE_MESSAGE)
    [Anonymous Symbol]                       0x20000000   Section        0  main.o(.data.Recieve_message_withou_while.FLASH_ERASE_MESSAGE)
    rcnt                                     0x20000008   Data           1  main.o(.bss.rcnt)
    [Anonymous Symbol]                       0x20000008   Section        0  main.o(.bss.rcnt)
    STACK                                    0x20000040   Section     1024  startup_stm32f10x_md.o(STACK)

    Global Symbols

    Symbol Name                              Value     Ov Type        Size  Object(Section)

    BuildAttributes$$THM_ISAv4$P$D$K$B$S$PE$A:L22UL41UL21$X:L11$S22US41US21$IEEE1$IW$~IW$USESV6$~STKCKD$USESV7$~SHL$OSPACE$EBA8$MICROLIB$REQ8$PRES8$EABIv2 0x00000000   Number         0  anon$$obj.o ABSOLUTE
    __cpp_initialize__aeabi_                  - Undefined Weak Reference
    __cxa_finalize                            - Undefined Weak Reference
    __decompress                              - Undefined Weak Reference
    _clock_init                               - Undefined Weak Reference
    _microlib_exit                            - Undefined Weak Reference
    __Vectors_Size                           0x000000ec   Number         0  startup_stm32f10x_md.o ABSOLUTE
    __Vectors                                0x08000000   Data           4  startup_stm32f10x_md.o(RESET)
    __Vectors_End                            0x080000ec   Data           0  startup_stm32f10x_md.o(RESET)
    __main                                   0x080000ed   Thumb Code     0  entry.o(.ARM.Collect$$$$00000000)
    _main_stk                                0x080000ed   Thumb Code     0  entry2.o(.ARM.Collect$$$$00000001)
    _main_scatterload                        0x080000f1   Thumb Code     0  entry5.o(.ARM.Collect$$$$00000004)
    __main_after_scatterload                 0x080000f5   Thumb Code     0  entry5.o(.ARM.Collect$$$$00000004)
    _main_clock                              0x080000f5   Thumb Code     0  entry7b.o(.ARM.Collect$$$$00000008)
    _main_cpp_init                           0x080000f5   Thumb Code     0  entry8b.o(.ARM.Collect$$$$0000000A)
    _main_init                               0x080000f5   Thumb Code     0  entry9a.o(.ARM.Collect$$$$0000000B)
    __rt_final_cpp                           0x080000fd   Thumb Code     0  entry10a.o(.ARM.Collect$$$$0000000D)
    __rt_final_exit                          0x080000fd   Thumb Code     0  entry11a.o(.ARM.Collect$$$$0000000F)
    Reset_Handler                            0x08000101   Thumb Code     8  startup_stm32f10x_md.o(.text)
    NMI_Handler                              0x08000109   Thumb Code     2  startup_stm32f10x_md.o(.text)
    HardFault_Handler                        0x0800010b   Thumb Code     2  startup_stm32f10x_md.o(.text)
    MemManage_Handler                        0x0800010d   Thumb Code     2  startup_stm32f10x_md.o(.text)
    BusFault_Handler                         0x0800010f   Thumb Code     2  startup_stm32f10x_md.o(.text)
    UsageFault_Handler                       0x08000111   Thumb Code     2  startup_stm32f10x_md.o(.text)
    SVC_Handler                              0x08000113   Thumb Code     2  startup_stm32f10x_md.o(.text)
    DebugMon_Handler                         0x08000115   Thumb Code     2  startup_stm32f10x_md.o(.text)
    PendSV_Handler                           0x08000117   Thumb Code     2  startup_stm32f10x_md.o(.text)
    SysTick_Handler                          0x08000119   Thumb Code     2  startup_stm32f10x_md.o(.text)
    ADC1_2_IRQHandler                        0x0800011b   Thumb Code     0  startup_stm32f10x_md.o(.text)
    CAN1_RX1_IRQHandler                      0x0800011b   Thumb Code     0  startup_stm32f10x_md.o(.text)
    CAN1_SCE_IRQHandler                      0x0800011b   Thumb Code     0  startup_stm32f10x_md.o(.text)
    DMA1_Channel1_IRQHandler                 0x0800011b   Thumb Code     0  startup_stm32f10x_md.o(.text)
    DMA1_Channel2_IRQHandler                 0x0800011b   Thumb Code     0  startup_stm32f10x_md.o(.text)
    DMA1_Channel3_IRQHandler                 0x0800011b   Thumb Code     0  startup_stm32f10x_md.o(.text)
    DMA1_Channel4_IRQHandler                 0x0800011b   Thumb Code     0  startup_stm32f10x_md.o(.text)
    DMA1_Channel5_IRQHandler                 0x0800011b   Thumb Code     0  startup_stm32f10x_md.o(.text)
    DMA1_Channel6_IRQHandler                 0x0800011b   Thumb Code     0  startup_stm32f10x_md.o(.text)
    DMA1_Channel7_IRQHandler                 0x0800011b   Thumb Code     0  startup_stm32f10x_md.o(.text)
    EXTI0_IRQHandler                         0x0800011b   Thumb Code     0  startup_stm32f10x_md.o(.text)
    EXTI15_10_IRQHandler                     0x0800011b   Thumb Code     0  startup_stm32f10x_md.o(.text)
    EXTI1_IRQHandler                         0x0800011b   Thumb Code     0  startup_stm32f10x_md.o(.text)
    EXTI2_IRQHandler                         0x0800011b   Thumb Code     0  startup_stm32f10x_md.o(.text)
    EXTI3_IRQHandler                         0x0800011b   Thumb Code     0  startup_stm32f10x_md.o(.text)
    EXTI4_IRQHandler                         0x0800011b   Thumb Code     0  startup_stm32f10x_md.o(.text)
    EXTI9_5_IRQHandler                       0x0800011b   Thumb Code     0  startup_stm32f10x_md.o(.text)
    FLASH_IRQHandler                         0x0800011b   Thumb Code     0  startup_stm32f10x_md.o(.text)
    I2C1_ER_IRQHandler                       0x0800011b   Thumb Code     0  startup_stm32f10x_md.o(.text)
    I2C1_EV_IRQHandler                       0x0800011b   Thumb Code     0  startup_stm32f10x_md.o(.text)
    I2C2_ER_IRQHandler                       0x0800011b   Thumb Code     0  startup_stm32f10x_md.o(.text)
    I2C2_EV_IRQHandler                       0x0800011b   Thumb Code     0  startup_stm32f10x_md.o(.text)
    PVD_IRQHandler                           0x0800011b   Thumb Code     0  startup_stm32f10x_md.o(.text)
    RCC_IRQHandler                           0x0800011b   Thumb Code     0  startup_stm32f10x_md.o(.text)
    RTCAlarm_IRQHandler                      0x0800011b   Thumb Code     0  startup_stm32f10x_md.o(.text)
    RTC_IRQHandler                           0x0800011b   Thumb Code     0  startup_stm32f10x_md.o(.text)
    SPI1_IRQHandler                          0x0800011b   Thumb Code     0  startup_stm32f10x_md.o(.text)
    SPI2_IRQHandler                          0x0800011b   Thumb Code     0  startup_stm32f10x_md.o(.text)
    TAMPER_IRQHandler                        0x0800011b   Thumb Code     0  startup_stm32f10x_md.o(.text)
    TIM1_BRK_IRQHandler                      0x0800011b   Thumb Code     0  startup_stm32f10x_md.o(.text)
    TIM1_CC_IRQHandler                       0x0800011b   Thumb Code     0  startup_stm32f10x_md.o(.text)
    TIM1_TRG_COM_IRQHandler                  0x0800011b   Thumb Code     0  startup_stm32f10x_md.o(.text)
    TIM1_UP_IRQHandler                       0x0800011b   Thumb Code     0  startup_stm32f10x_md.o(.text)
    TIM2_IRQHandler                          0x0800011b   Thumb Code     0  startup_stm32f10x_md.o(.text)
    TIM3_IRQHandler                          0x0800011b   Thumb Code     0  startup_stm32f10x_md.o(.text)
    TIM4_IRQHandler                          0x0800011b   Thumb Code     0  startup_stm32f10x_md.o(.text)
    USART1_IRQHandler                        0x0800011b   Thumb Code     0  startup_stm32f10x_md.o(.text)
    USART2_IRQHandler                        0x0800011b   Thumb Code     0  startup_stm32f10x_md.o(.text)
    USART3_IRQHandler                        0x0800011b   Thumb Code     0  startup_stm32f10x_md.o(.text)
    USBWakeUp_IRQHandler                     0x0800011b   Thumb Code     0  startup_stm32f10x_md.o(.text)
    USB_HP_CAN1_TX_IRQHandler                0x0800011b   Thumb Code     0  startup_stm32f10x_md.o(.text)
    USB_LP_CAN1_RX0_IRQHandler               0x0800011b   Thumb Code     0  startup_stm32f10x_md.o(.text)
    WWDG_IRQHandler                          0x0800011b   Thumb Code     0  startup_stm32f10x_md.o(.text)
    __scatterload                            0x08000125   Thumb Code    28  init.o(.text)
    __scatterload_rt2                        0x08000125   Thumb Code     0  init.o(.text)
    CMD_ERASE_handle                         0x08000149   Thumb Code   158  main.o(.text.CMD_ERASE_handle)
    CMD_GETID_handle                         0x080001e9   Thumb Code   176  main.o(.text.CMD_GETID_handle)
    CMD_RESET_handle                         0x080002a9   Thumb Code   110  main.o(.text.CMD_RESET_handle)
    CMD_WRITE_handle                         0x08000319   Thumb Code   144  main.o(.text.CMD_WRITE_handle)
    ErasePage                                0x080003a9   Thumb Code    94  flash.o(.text.ErasePage)
    ReceiveMagicWord                         0x08000407   Thumb Code    56  main.o(.text.ReceiveMagicWord)
    Recieve_message_withou_while             0x0800043f   Thumb Code    90  main.o(.text.Recieve_message_withou_while)
    SystemInit                               0x08000499   Thumb Code   248  system_stm32f10x.o(.text.SystemInit)
    UART_Receive                             0x08000591   Thumb Code    34  uart.o(.text.UART_Receive)
    UART_Transmit                            0x080005b5   Thumb Code    48  uart.o(.text.UART_Transmit)
    WriteHexString                           0x080005e5   Thumb Code   116  flash.o(.text.WriteHexString)
    deinitGPIO                               0x08000659   Thumb Code    56  gpio.o(.text.deinitGPIO)
    deinitRCC                                0x08000691   Thumb Code    24  rcc.o(.text.deinitRCC)
    deinitTIM                                0x080006a9   Thumb Code    42  tim.o(.text.deinitTIM)
    deinitUART                               0x080006d3   Thumb Code    34  uart.o(.text.deinitUART)
    initGPIO                                 0x080006f5   Thumb Code   156  gpio.o(.text.initGPIO)
    initIWDG                                 0x08000791   Thumb Code    66  iwdg.o(.text.initIWDG)
    initRCC                                  0x080007d3   Thumb Code     2  rcc.o(.text.initRCC)
    initTIM                                  0x080007d5   Thumb Code    52  tim.o(.text.initTIM)
    initUART                                 0x08000809   Thumb Code    46  uart.o(.text.initUART)
    main                                     0x08000839   Thumb Code   258  main.o(.text.main)
    __scatterload_copy                       0x0800093b   Thumb Code    14  handlers.o(i.__scatterload_copy)
    __scatterload_null                       0x08000949   Thumb Code     2  handlers.o(i.__scatterload_null)
    __scatterload_zeroinit                   0x0800094b   Thumb Code    14  handlers.o(i.__scatterload_zeroinit)
    Region$$Table$$Base                      0x08000958   Number         0  anon$$obj.o(Region$$Table)
    Region$$Table$$Limit                     0x08000978   Number         0  anon$$obj.o(Region$$Table)
    tmp1                                     0x2000000c   Data           4  main.o(.bss.tmp1)
    tmp_chk1                                 0x20000010   Data           2  main.o(.bss.tmp_chk1)
    uart_buf                                 0x20000014   Data          40  main.o(.bss.uart_buf)
    __initial_sp                             0x20000440   Data           0  startup_stm32f10x_md.o(STACK)



==============================================================================

Memory Map of the image

  Image Entry point : 0x080000ed

  Load Region LR_IROM1 (Base: 0x08000000, Size: 0x00000980, Max: 0x00010000, ABSOLUTE)

    Execution Region ER_IROM1 (Exec base: 0x08000000, Load base: 0x08000000, Size: 0x00000978, Max: 0x00010000, ABSOLUTE)

    Exec Addr    Load Addr    Size         Type   Attr      Idx    E Section Name        Object

    0x08000000   0x08000000   0x000000ec   Data   RO          119    RESET               startup_stm32f10x_md.o
    0x080000ec   0x080000ec   0x00000000   Code   RO          140  * .ARM.Collect$$$$00000000  mc_w.l(entry.o)
    0x080000ec   0x080000ec   0x00000004   Code   RO          143    .ARM.Collect$$$$00000001  mc_w.l(entry2.o)
    0x080000f0   0x080000f0   0x00000004   Code   RO          146    .ARM.Collect$$$$00000004  mc_w.l(entry5.o)
    0x080000f4   0x080000f4   0x00000000   Code   RO          148    .ARM.Collect$$$$00000008  mc_w.l(entry7b.o)
    0x080000f4   0x080000f4   0x00000000   Code   RO          150    .ARM.Collect$$$$0000000A  mc_w.l(entry8b.o)
    0x080000f4   0x080000f4   0x00000008   Code   RO          151    .ARM.Collect$$$$0000000B  mc_w.l(entry9a.o)
    0x080000fc   0x080000fc   0x00000000   Code   RO          153    .ARM.Collect$$$$0000000D  mc_w.l(entry10a.o)
    0x080000fc   0x080000fc   0x00000000   Code   RO          155    .ARM.Collect$$$$0000000F  mc_w.l(entry11a.o)
    0x080000fc   0x080000fc   0x00000004   Code   RO          144    .ARM.Collect$$$$00002712  mc_w.l(entry2.o)
    0x08000100   0x08000100   0x00000024   Code   RO          120    .text               startup_stm32f10x_md.o
    0x08000124   0x08000124   0x00000024   Code   RO          157    .text               mc_w.l(init.o)
    0x08000148   0x08000148   0x0000009e   Code   RO           10    .text.CMD_ERASE_handle  main.o
    0x080001e6   0x080001e6   0x00000002   PAD
    0x080001e8   0x080001e8   0x000000c0   Code   RO           12    .text.CMD_GETID_handle  main.o
    0x080002a8   0x080002a8   0x0000006e   Code   RO           16    .text.CMD_RESET_handle  main.o
    0x08000316   0x08000316   0x00000002   PAD
    0x08000318   0x08000318   0x00000090   Code   RO           14    .text.CMD_WRITE_handle  main.o
    0x080003a8   0x080003a8   0x0000005e   Code   RO           45    .text.ErasePage     flash.o
    0x08000406   0x08000406   0x00000038   Code   RO           18    .text.ReceiveMagicWord  main.o
    0x0800043e   0x0800043e   0x0000005a   Code   RO            6    .text.Recieve_message_withou_while  main.o
    0x08000498   0x08000498   0x000000f8   Code   RO          127    .text.SystemInit    system_stm32f10x.o
    0x08000590   0x08000590   0x00000022   Code   RO          106    .text.UART_Receive  uart.o
    0x080005b2   0x080005b2   0x00000002   PAD
    0x080005b4   0x080005b4   0x00000030   Code   RO          104    .text.UART_Transmit  uart.o
    0x080005e4   0x080005e4   0x00000074   Code   RO           43    .text.WriteHexString  flash.o
    0x08000658   0x08000658   0x00000038   Code   RO           59    .text.deinitGPIO    gpio.o
    0x08000690   0x08000690   0x00000018   Code   RO           79    .text.deinitRCC     rcc.o
    0x080006a8   0x080006a8   0x0000002a   Code   RO           91    .text.deinitTIM     tim.o
    0x080006d2   0x080006d2   0x00000022   Code   RO          102    .text.deinitUART    uart.o
    0x080006f4   0x080006f4   0x0000009c   Code   RO           57    .text.initGPIO      gpio.o
    0x08000790   0x08000790   0x00000042   Code   RO           69    .text.initIWDG      iwdg.o
    0x080007d2   0x080007d2   0x00000002   Code   RO           77    .text.initRCC       rcc.o
    0x080007d4   0x080007d4   0x00000034   Code   RO           89    .text.initTIM       tim.o
    0x08000808   0x08000808   0x0000002e   Code   RO          100    .text.initUART      uart.o
    0x08000836   0x08000836   0x00000002   PAD
    0x08000838   0x08000838   0x00000102   Code   RO            2    .text.main          main.o
    0x0800093a   0x0800093a   0x0000000e   Code   RO          161    i.__scatterload_copy  mc_w.l(handlers.o)
    0x08000948   0x08000948   0x00000002   Code   RO          162    i.__scatterload_null  mc_w.l(handlers.o)
    0x0800094a   0x0800094a   0x0000000e   Code   RO          163    i.__scatterload_zeroinit  mc_w.l(handlers.o)
    0x08000958   0x08000958   0x00000020   Data   RO          160    Region$$Table       anon$$obj.o


    Execution Region RW_IRAM1 (Exec base: 0x20000000, Load base: 0x08000978, Size: 0x00000440, Max: 0x00005000, ABSOLUTE)

    Exec Addr    Load Addr    Size         Type   Attr      Idx    E Section Name        Object

    0x20000000   0x08000978   0x00000008   Data   RW           26    .data.Recieve_message_withou_while.FLASH_ERASE_MESSAGE  main.o
    0x20000008        -       0x00000001   Zero   RW           27    .bss.rcnt           main.o
    0x20000009   0x08000980   0x00000003   PAD
    0x2000000c        -       0x00000004   Zero   RW           22    .bss.tmp1           main.o
    0x20000010        -       0x00000002   Zero   RW           23    .bss.tmp_chk1       main.o
    0x20000012   0x08000980   0x00000002   PAD
    0x20000014        -       0x00000028   Zero   RW           24    .bss.uart_buf       main.o
    0x2000003c   0x08000980   0x00000004   PAD
    0x20000040        -       0x00000400   Zero   RW          117    STACK               startup_stm32f10x_md.o


==============================================================================

Image component sizes


      Code (inc. data)   RO Data    RW Data    ZI Data      Debug   Object Name

       210          0          0          0          0       2134   flash.o
       212          0          0          0          0       1458   gpio.o
        66          0          0          0          0        934   iwdg.o
      1008         16          0          8         47       6488   main.o
        26          0          0          0          0        979   rcc.o
        36          8        236          0       1024        808   startup_stm32f10x_md.o
       248          0          0          0          0       2729   system_stm32f10x.o
        94          0          0          0          0       1800   tim.o
       162          0          0          0          0       2293   uart.o

    ----------------------------------------------------------------------
      2070         24        268          8       1080      19623   Object Totals
         0          0         32          0          0          0   (incl. Generated)
         8          0          0          0          9          0   (incl. Padding)

    ----------------------------------------------------------------------

      Code (inc. data)   RO Data    RW Data    ZI Data      Debug   Library Member Name

         0          0          0          0          0          0   entry.o
         0          0          0          0          0          0   entry10a.o
         0          0          0          0          0          0   entry11a.o
         8          4          0          0          0          0   entry2.o
         4          0          0          0          0          0   entry5.o
         0          0          0          0          0          0   entry7b.o
         0          0          0          0          0          0   entry8b.o
         8          4          0          0          0          0   entry9a.o
        30          0          0          0          0          0   handlers.o
        36          8          0          0          0         68   init.o

    ----------------------------------------------------------------------
        86         16          0          0          0         68   Library Totals
         0          0          0          0          0          0   (incl. Padding)

    ----------------------------------------------------------------------

      Code (inc. data)   RO Data    RW Data    ZI Data      Debug   Library Name

        86         16          0          0          0         68   mc_w.l

    ----------------------------------------------------------------------
        86         16          0          0          0         68   Library Totals

    ----------------------------------------------------------------------

==============================================================================


      Code (inc. data)   RO Data    RW Data    ZI Data      Debug   

      2156         40        268          8       1080      19703   Grand Totals
      2156         40        268          8       1080      19703   ELF Image Totals
      2156         40        268          8          0          0   ROM Totals

==============================================================================

    Total RO  Size (Code + RO Data)                 2424 (   2.37kB)
    Total RW  Size (RW Data + ZI Data)              1088 (   1.06kB)
    Total ROM Size (Code + RO Data + RW Data)       2432 (   2.38kB)

==============================================================================

